running develop
running egg_info
creating ros2launch_gui.egg-info
writing ros2launch_gui.egg-info/PKG-INFO
writing dependency_links to ros2launch_gui.egg-info/dependency_links.txt
writing entry points to ros2launch_gui.egg-info/entry_points.txt
writing requirements to ros2launch_gui.egg-info/requires.txt
writing top-level names to ros2launch_gui.egg-info/top_level.txt
writing manifest file 'ros2launch_gui.egg-info/SOURCES.txt'
reading manifest file 'ros2launch_gui.egg-info/SOURCES.txt'
writing manifest file 'ros2launch_gui.egg-info/SOURCES.txt'
running build_ext
Creating /home/arjunram/Workspace/ros2launch_gui/install/ros2launch_gui/lib/python3.10/site-packages/ros2launch-gui.egg-link (link to .)

Installed /home/arjunram/Workspace/ros2launch_gui/build/ros2launch_gui
running symlink_data
creating /home/arjunram/Workspace/ros2launch_gui/install/ros2launch_gui/share/ament_index
creating /home/arjunram/Workspace/ros2launch_gui/install/ros2launch_gui/share/ament_index/resource_index
creating /home/arjunram/Workspace/ros2launch_gui/install/ros2launch_gui/share/ament_index/resource_index/packages
symbolically linking /home/arjunram/Workspace/ros2launch_gui/build/ros2launch_gui/resource/ros2launch_gui -> /home/arjunram/Workspace/ros2launch_gui/install/ros2launch_gui/share/ament_index/resource_index/packages
symbolically linking /home/arjunram/Workspace/ros2launch_gui/build/ros2launch_gui/package.xml -> /home/arjunram/Workspace/ros2launch_gui/install/ros2launch_gui/share/ros2launch_gui
